Archive member included to satisfy reference by file (symbol)

c:/program files (x86)/gnu tools arm embedded/5.3 2016q1/bin/../lib/gcc/arm-none-eabi/5.3.1/../../../../arm-none-eabi/lib/armv7e-m\libg_nano.a(lib_a-abs.o)
                              ./src/graphics.o (abs)
c:/program files (x86)/gnu tools arm embedded/5.3 2016q1/bin/../lib/gcc/arm-none-eabi/5.3.1/../../../../arm-none-eabi/lib/armv7e-m\libg_nano.a(lib_a-errno.o)
                              ./system/src/newlib/_sbrk.o (__errno)
c:/program files (x86)/gnu tools arm embedded/5.3 2016q1/bin/../lib/gcc/arm-none-eabi/5.3.1/../../../../arm-none-eabi/lib/armv7e-m\libg_nano.a(lib_a-impure.o)
                              c:/program files (x86)/gnu tools arm embedded/5.3 2016q1/bin/../lib/gcc/arm-none-eabi/5.3.1/../../../../arm-none-eabi/lib/armv7e-m\libg_nano.a(lib_a-errno.o) (_impure_ptr)
c:/program files (x86)/gnu tools arm embedded/5.3 2016q1/bin/../lib/gcc/arm-none-eabi/5.3.1/../../../../arm-none-eabi/lib/armv7e-m\libg_nano.a(lib_a-memcpy-stub.o)
                              ./src/glcd.o (memcpy)
c:/program files (x86)/gnu tools arm embedded/5.3 2016q1/bin/../lib/gcc/arm-none-eabi/5.3.1/../../../../arm-none-eabi/lib/armv7e-m\libg_nano.a(lib_a-memset.o)
                              ./src/glcd.o (memset)
c:/program files (x86)/gnu tools arm embedded/5.3 2016q1/bin/../lib/gcc/arm-none-eabi/5.3.1/../../../../arm-none-eabi/lib/armv7e-m\libg_nano.a(lib_a-strlen.o)
                              ./system/src/diag/Trace.o (strlen)
c:/program files (x86)/gnu tools arm embedded/5.3 2016q1/bin/../lib/gcc/arm-none-eabi/5.3.1/../../../../arm-none-eabi/lib/armv7e-m\libg_nano.a(lib_a-vsnprintf.o)
                              ./system/src/diag/Trace.o (vsnprintf)
c:/program files (x86)/gnu tools arm embedded/5.3 2016q1/bin/../lib/gcc/arm-none-eabi/5.3.1/../../../../arm-none-eabi/lib/armv7e-m\libg_nano.a(lib_a-nano-svfprintf.o)
                              c:/program files (x86)/gnu tools arm embedded/5.3 2016q1/bin/../lib/gcc/arm-none-eabi/5.3.1/../../../../arm-none-eabi/lib/armv7e-m\libg_nano.a(lib_a-vsnprintf.o) (_svfprintf_r)
c:/program files (x86)/gnu tools arm embedded/5.3 2016q1/bin/../lib/gcc/arm-none-eabi/5.3.1/../../../../arm-none-eabi/lib/armv7e-m\libg_nano.a(lib_a-nano-vfprintf_i.o)
                              c:/program files (x86)/gnu tools arm embedded/5.3 2016q1/bin/../lib/gcc/arm-none-eabi/5.3.1/../../../../arm-none-eabi/lib/armv7e-m\libg_nano.a(lib_a-nano-svfprintf.o) (_printf_i)
c:/program files (x86)/gnu tools arm embedded/5.3 2016q1/bin/../lib/gcc/arm-none-eabi/5.3.1/../../../../arm-none-eabi/lib/armv7e-m\libg_nano.a(lib_a-memchr.o)
                              c:/program files (x86)/gnu tools arm embedded/5.3 2016q1/bin/../lib/gcc/arm-none-eabi/5.3.1/../../../../arm-none-eabi/lib/armv7e-m\libg_nano.a(lib_a-nano-svfprintf.o) (memchr)
c:/program files (x86)/gnu tools arm embedded/5.3 2016q1/bin/../lib/gcc/arm-none-eabi/5.3.1/../../../../arm-none-eabi/lib/armv7e-m\libg_nano.a(lib_a-memmove.o)
                              c:/program files (x86)/gnu tools arm embedded/5.3 2016q1/bin/../lib/gcc/arm-none-eabi/5.3.1/../../../../arm-none-eabi/lib/armv7e-m\libg_nano.a(lib_a-nano-svfprintf.o) (memmove)
c:/program files (x86)/gnu tools arm embedded/5.3 2016q1/bin/../lib/gcc/arm-none-eabi/5.3.1/../../../../arm-none-eabi/lib/armv7e-m\libg_nano.a(lib_a-nano-freer.o)
                              c:/program files (x86)/gnu tools arm embedded/5.3 2016q1/bin/../lib/gcc/arm-none-eabi/5.3.1/../../../../arm-none-eabi/lib/armv7e-m\libg_nano.a(lib_a-nano-svfprintf.o) (_free_r)
c:/program files (x86)/gnu tools arm embedded/5.3 2016q1/bin/../lib/gcc/arm-none-eabi/5.3.1/../../../../arm-none-eabi/lib/armv7e-m\libg_nano.a(lib_a-nano-mallocr.o)
                              c:/program files (x86)/gnu tools arm embedded/5.3 2016q1/bin/../lib/gcc/arm-none-eabi/5.3.1/../../../../arm-none-eabi/lib/armv7e-m\libg_nano.a(lib_a-nano-svfprintf.o) (_malloc_r)
c:/program files (x86)/gnu tools arm embedded/5.3 2016q1/bin/../lib/gcc/arm-none-eabi/5.3.1/../../../../arm-none-eabi/lib/armv7e-m\libg_nano.a(lib_a-nano-reallocr.o)
                              c:/program files (x86)/gnu tools arm embedded/5.3 2016q1/bin/../lib/gcc/arm-none-eabi/5.3.1/../../../../arm-none-eabi/lib/armv7e-m\libg_nano.a(lib_a-nano-svfprintf.o) (_realloc_r)
c:/program files (x86)/gnu tools arm embedded/5.3 2016q1/bin/../lib/gcc/arm-none-eabi/5.3.1/../../../../arm-none-eabi/lib/armv7e-m\libg_nano.a(lib_a-sbrkr.o)
                              c:/program files (x86)/gnu tools arm embedded/5.3 2016q1/bin/../lib/gcc/arm-none-eabi/5.3.1/../../../../arm-none-eabi/lib/armv7e-m\libg_nano.a(lib_a-nano-mallocr.o) (_sbrk_r)
c:/program files (x86)/gnu tools arm embedded/5.3 2016q1/bin/../lib/gcc/arm-none-eabi/5.3.1/../../../../arm-none-eabi/lib/armv7e-m\libg_nano.a(lib_a-nano-msizer.o)
[...]
Memory Configuration

Name             Origin             Length             Attributes
RAM              0x20000000         0x0000a000         xrw
CCMRAM           0x10000000         0x00002000         xrw
FLASH            0x08000000         0x00040000         xr
FLASHB1          0x00000000         0x00000000         xr
EXTMEMB0         0x00000000         0x00000000         xr
EXTMEMB1         0x00000000         0x00000000         xr
EXTMEMB2         0x00000000         0x00000000         xr
EXTMEMB3         0x00000000         0x00000000         xr
MEMORY_ARRAY     0x20002000         0x00000000         xrw
*default*        0x00000000         0xffffffff

Linker script and memory map

LOAD ./system/src/stm32f3-stdperiph/stm32f30x_adc.o
LOAD ./system/src/stm32f3-stdperiph/stm32f30x_can.o
LOAD ./system/src/stm32f3-stdperiph/stm32f30x_comp.o
LOAD ./system/src/stm32f3-stdperiph/stm32f30x_crc.o
LOAD ./system/src/stm32f3-stdperiph/stm32f30x_dac.o
LOAD ./system/src/stm32f3-stdperiph/stm32f30x_dbgmcu.o
LOAD ./system/src/stm32f3-stdperiph/stm32f30x_dma.o
LOAD ./system/src/stm32f3-stdperiph/stm32f30x_exti.o
LOAD ./system/src/stm32f3-stdperiph/stm32f30x_flash.o
LOAD ./system/src/stm32f3-stdperiph/stm32f30x_gpio.o
LOAD ./system/src/stm32f3-stdperiph/stm32f30x_i2c.o
LOAD ./system/src/stm32f3-stdperiph/stm32f30x_iwdg.o
LOAD ./system/src/stm32f3-stdperiph/stm32f30x_misc.o
LOAD ./system/src/stm32f3-stdperiph/stm32f30x_opamp.o
LOAD ./system/src/stm32f3-stdperiph/stm32f30x_pwr.o
LOAD ./system/src/stm32f3-stdperiph/stm32f30x_rcc.o
LOAD ./system/src/stm32f3-stdperiph/stm32f30x_rtc.o
LOAD ./system/src/stm32f3-stdperiph/stm32f30x_spi.o
LOAD ./system/src/stm32f3-stdperiph/stm32f30x_syscfg.o
LOAD ./system/src/stm32f3-stdperiph/stm32f30x_tim.o
LOAD ./system/src/stm32f3-stdperiph/stm32f30x_usart.o
LOAD ./system/src/stm32f3-stdperiph/stm32f30x_wwdg.o
LOAD ./system/src/newlib/_cxx.o
LOAD ./system/src/newlib/_exit.o
LOAD ./system/src/newlib/_sbrk.o
LOAD ./system/src/newlib/_startup.o
LOAD ./system/src/newlib/_syscalls.o
LOAD ./system/src/newlib/assert.o
LOAD ./system/src/diag/Trace.o
LOAD ./system/src/diag/trace_impl.o
LOAD ./system/src/cortexm/_initialize_hardware.o
LOAD ./system/src/cortexm/_reset_hardware.o
LOAD ./system/src/cortexm/exception_handlers.o
LOAD ./system/src/cmsis/system_stm32f30x.o
LOAD ./system/src/cmsis/vectors_stm32f30x.o
LOAD ./src/_write.o
LOAD ./src/glcd.o
LOAD ./src/graphics.o
LOAD ./src/graphs.o
LOAD ./src/main.o
LOAD ./src/pcd8544.o
LOAD ./src/rgi.o
LOAD ./src/stm32f30x_it.o
LOAD ./src/stm32f3_discovery.o
LOAD ./src/text.o
LOAD ./src/text_tiny.o
LOAD ./src/timers.o
LOAD ./src/usart.o
LOAD c:/program files (x86)/gnu tools arm embedded/5.3 2016q1/bin/../lib/gcc/arm-none-eabi/5.3.1/../../../../arm-none-eabi/lib/armv7e-m\libstdc++_nano.a
LOAD c:/program files (x86)/gnu tools arm embedded/5.3 2016q1/bin/../lib/gcc/arm-none-eabi/5.3.1/../../../../arm-none-eabi/lib/armv7e-m\libm.a
START GROUP
LOAD c:/program files (x86)/gnu tools arm embedded/5.3 2016q1/bin/../lib/gcc/arm-none-eabi/5.3.1/armv7e-m\libgcc.a
LOAD c:/program files (x86)/gnu tools arm embedded/5.3 2016q1/bin/../lib/gcc/arm-none-eabi/5.3.1/../../../../arm-none-eabi/lib/armv7e-m\libg_nano.a
LOAD c:/program files (x86)/gnu tools arm embedded/5.3 2016q1/bin/../lib/gcc/arm-none-eabi/5.3.1/../../../../arm-none-eabi/lib/armv7e-m\libc_nano.a
END GROUP
START GROUP
LOAD c:/program files (x86)/gnu tools arm embedded/5.3 2016q1/bin/../lib/gcc/arm-none-eabi/5.3.1/armv7e-m\libgcc.a
LOAD c:/program files (x86)/gnu tools arm embedded/5.3 2016q1/bin/../lib/gcc/arm-none-eabi/5.3.1/../../../../arm-none-eabi/lib/armv7e-m\libc_nano.a
END GROUP
                0x2000a000                __stack = (ORIGIN (RAM) + LENGTH (RAM))
                0x2000a000                _estack = __stack
                0x00000400                __Main_Stack_Size = 0x400
                [!provide]                PROVIDE (_Main_Stack_Size, __Main_Stack_Size)
                0x20009c00                __Main_Stack_Limit = (__stack - __Main_Stack_Size)
                [!provide]                PROVIDE (_Main_Stack_Limit, __Main_Stack_Limit)
                0x00000100                _Minimum_Stack_Size = 0x100
                0x2000014c                PROVIDE (_Heap_Begin, _end_noinit)
                0x20009c00                PROVIDE (_Heap_Limit, (__stack - __Main_Stack_Size))

.isr_vector     0x08000000      0x3c0
 FILL mask 0xff
                0x08000000                __vectors_start = ABSOLUTE (.)
                0x08000000                __vectors_start__ = ABSOLUTE (.)
 *(.isr_vector)
 .isr_vector    0x08000000      0x188 ./system/src/cmsis/vectors_stm32f30x.o
                0x08000000                __isr_vectors
 *(.cfmconfig)
 *(.after_vectors .after_vectors.*)
 .after_vectors
                0x08000188      0x130 ./system/src/newlib/_startup.o
                0x08000188                _start
 .after_vectors
                0x080002b8      0x104 ./system/src/cortexm/exception_handlers.o
                0x080002b8                Reset_Handler
                0x080002d8                HardFault_Handler_C
                0x08000324                BusFault_Handler_C
                0x0800036c                UsageFault_Handler_C
 .after_vectors
                0x080003bc        0x4 ./system/src/cmsis/vectors_stm32f30x.o
                0x080003bc                RTC_Alarm_IRQHandler
                0x080003bc                TIM8_TRG_COM_IRQHandler
                0x080003bc                TIM8_CC_IRQHandler
                0x080003bc                TIM1_CC_IRQHandler
                0x080003bc                USB_HP_IRQHandler
                0x080003bc                PVD_IRQHandler
                0x080003bc                EXTI3_IRQHandler
                0x080003bc                EXTI0_IRQHandler
                0x080003bc                I2C2_EV_IRQHandler
                0x080003bc                FPU_IRQHandler
                0x080003bc                EXTI2_TS_IRQHandler
                0x080003bc                TIM1_UP_TIM16_IRQHandler
                0x080003bc                ADC1_2_IRQHandler
                0x080003bc                SPI1_IRQHandler
                0x080003bc                TIM6_DAC_IRQHandler
                0x080003bc                TIM8_UP_IRQHandler
                0x080003bc                DMA2_Channel2_IRQHandler
                0x080003bc                DMA1_Channel4_IRQHandler
                0x080003bc                USART3_IRQHandler
                0x080003bc                DMA1_Channel7_IRQHandler
                0x080003bc                CAN1_RX1_IRQHandler
                0x080003bc                UART5_IRQHandler
                0x080003bc                ADC3_IRQHandler
                0x080003bc                TIM4_IRQHandler
                0x080003bc                DMA2_Channel1_IRQHandler
                0x080003bc                I2C1_EV_IRQHandler
                0x080003bc                DMA1_Channel6_IRQHandler
                0x080003bc                UART4_IRQHandler
                0x080003bc                DMA2_Channel4_IRQHandler
                0x080003bc                RCC_IRQHandler
                0x080003bc                DMA1_Channel1_IRQHandler
                0x080003bc                Default_Handler
                0x080003bc                USBWakeUp_RMP_IRQHandler
                0x080003bc                EXTI15_10_IRQHandler
                0x080003bc                TIM7_IRQHandler
                0x080003bc                EXTI9_5_IRQHandler
                0x080003bc                TAMPER_STAMP_IRQHandler
                0x080003bc                RTC_WKUP_IRQHandler
                0x080003bc                SPI2_IRQHandler
                0x080003bc                DMA2_Channel5_IRQHandler
                0x080003bc                DMA1_Channel5_IRQHandler
                0x080003bc                USB_LP_IRQHandler
                0x080003bc                EXTI4_IRQHandler
                0x080003bc                USB_LP_CAN1_RX0_IRQHandler
                0x080003bc                TIM1_TRG_COM_TIM17_IRQHandler
                0x080003bc                USB_HP_CAN1_TX_IRQHandler
                0x080003bc                DMA1_Channel3_IRQHandler
                0x080003bc                ADC4_IRQHandler
                0x080003bc                WWDG_IRQHandler
                0x080003bc                TIM2_IRQHandler
                0x080003bc                COMP7_IRQHandler
                0x080003bc                COMP1_2_3_IRQHandler
                0x080003bc                EXTI1_IRQHandler
                0x080003bc                USART2_IRQHandler
                0x080003bc                COMP4_5_6_IRQHandler
                0x080003bc                I2C2_ER_IRQHandler
                0x080003bc                DMA1_Channel2_IRQHandler
                0x080003bc                TIM8_BRK_IRQHandler
                0x080003bc                CAN1_SCE_IRQHandler
                0x080003bc                FLASH_IRQHandler
                0x080003bc                SPI3_IRQHandler
                0x080003bc                I2C1_ER_IRQHandler
                0x080003bc                USBWakeUp_IRQHandler
                0x080003bc                DMA2_Channel3_IRQHandler
                0x080003bc                TIM1_BRK_TIM15_IRQHandler

.inits          0x080003c0       0x28
                0x080003c0                __data_regions_array_start = .
                0x080003c0        0x4 LONG 0x8002070 LOADADDR (.data)
                0x080003c4        0x4 LONG 0x20000000 ADDR (.data)
                0x080003c8        0x4 LONG 0x200000a8 (ADDR (.data) + SIZEOF (.data))
                0x080003cc        0x4 LONG 0x8002070 LOADADDR (.data_CCMRAM)
                0x080003d0        0x4 LONG 0x10000000 ADDR (.data_CCMRAM)
                0x080003d4        0x4 LONG 0x10000000 (ADDR (.data_CCMRAM) + SIZEOF (.data_CCMRAM))
                0x080003d8                __data_regions_array_end = .
                0x080003d8                __bss_regions_array_start = .
                0x080003d8        0x4 LONG 0x200000a8 ADDR (.bss)
                0x080003dc        0x4 LONG 0x2000014c (ADDR (.bss) + SIZEOF (.bss))
                0x080003e0        0x4 LONG 0x10000000 ADDR (.bss_CCMRAM)
                0x080003e4        0x4 LONG 0x10000000 (ADDR (.bss_CCMRAM) + SIZEOF (.bss_CCMRAM))
                0x080003e8                __bss_regions_array_end = .
 *(.init)
 *(.fini)
                0x080003e8                . = ALIGN (0x4)
                0x080003e8                PROVIDE (__preinit_array_start, .)
 *(.preinit_array_sysinit .preinit_array_sysinit.*)
 *(.preinit_array_platform .preinit_array_platform.*)
 *(.preinit_array .preinit_array.*)
                0x080003e8                PROVIDE (__preinit_array_end, .)
                0x080003e8                . = ALIGN (0x4)
                0x080003e8                PROVIDE (__init_array_start, .)
 *(SORT(.init_array.*))
 *(.init_array)
                0x080003e8                PROVIDE (__init_array_end, .)
                0x080003e8                . = ALIGN (0x4)
                0x080003e8                PROVIDE (__fini_array_start, .)
 *(SORT(.fini_array.*))
 *(.fini_array)
                0x080003e8                PROVIDE (__fini_array_end, .)

.flashtext
 *(.flashtext .flashtext.*)

.text           0x080003f0     0x1c7d
 *(.text .text.*)
 .text.GPIO_Init
                0x080003f0      0x118 ./system/src/stm32f3-stdperiph/stm32f30x_gpio.o
                0x080003f0                GPIO_Init
 .text.GPIO_ReadInputDataBit
                0x08000508       0xac ./system/src/stm32f3-stdperiph/stm32f30x_gpio.o
                0x08000508                GPIO_ReadInputDataBit
 .text.GPIO_SetBits
                0x080005b4       0x54 ./system/src/stm32f3-stdperiph/stm32f30x_gpio.o
                0x080005b4                GPIO_SetBits
 .text.GPIO_ResetBits
                0x08000608       0x54 ./system/src/stm32f3-stdperiph/stm32f30x_gpio.o
                0x08000608                GPIO_ResetBits
 .text.NVIC_Init
                0x0800065c       0x98 ./system/src/stm32f3-stdperiph/stm32f30x_misc.o
                0x0800065c                NVIC_Init
 .text.RCC_AHBPeriphClockCmd
                0x080006f4       0x4c ./system/src/stm32f3-stdperiph/stm32f30x_rcc.o
                0x080006f4                RCC_AHBPeriphClockCmd
 .text.RCC_APB1PeriphClockCmd
                0x08000740       0x4c ./system/src/stm32f3-stdperiph/stm32f30x_rcc.o
                0x08000740                RCC_APB1PeriphClockCmd
 .text.TIM_GetITStatus
                0x0800078c       0xa8 ./system/src/stm32f3-stdperiph/stm32f30x_tim.o
                0x0800078c                TIM_GetITStatus
 .text._exit    0x08000834        0x4 ./system/src/newlib/_exit.o
                0x08000834                _exit
 .text.abort    0x08000838       0x14 ./system/src/newlib/_exit.o
                0x08000838                abort
 .text._sbrk    0x0800084c       0x44 ./system/src/newlib/_sbrk.o
                0x0800084c                _sbrk
 .text.__initialize_args
                0x08000890       0x10 ./system/src/newlib/_syscalls.o
                0x08000890                __initialize_args
 .text.assert_failed
                0x080008a0       0x14 ./system/src/newlib/assert.o
                0x080008a0                assert_failed
 .text.trace_printf
                0x080008b4       0x30 ./system/src/diag/Trace.o
                0x080008b4                trace_printf
 .text.trace_puts
                0x080008e4       0x20 ./system/src/diag/Trace.o
                0x080008e4                trace_puts
 .text._trace_write_itm
                0x08000904       0x48 ./system/src/diag/trace_impl.o
 .text.trace_write
                0x0800094c        0x8 ./system/src/diag/trace_impl.o
                0x0800094c                trace_write
 .text.__initialize_hardware_early
                0x08000954       0x18 ./system/src/cortexm/_initialize_hardware.o
                0x08000954                __initialize_hardware_early
 .text.__initialize_hardware
                0x0800096c        0x8 ./system/src/cortexm/_initialize_hardware.o
                0x0800096c                __initialize_hardware
 .text.dumpExceptionStack
                0x08000974       0xf0 ./system/src/cortexm/exception_handlers.o
                0x08000974                dumpExceptionStack
 .text.SetSysClock
                0x08000a64       0xb0 ./system/src/cmsis/system_stm32f30x.o
 .text.SystemInit
                0x08000b14       0x64 ./system/src/cmsis/system_stm32f30x.o
                0x08000b14                SystemInit
 .text.SystemCoreClockUpdate
                0x08000b78       0x8c ./system/src/cmsis/system_stm32f30x.o
                0x08000b78                SystemCoreClockUpdate
 .text.main     0x08000c04       0x14 ./src/main.o
                0x08000c04                main
 .text.RGI_get_In
                0x08000c18       0xb0 ./src/rgi.o
                0x08000c18                RGI_get_In
 .text.RGI_set_Out
                0x08000cc8      0x2a0 ./src/rgi.o
                0x08000cc8                RGI_set_Out
 .text.RGI_set_LED
                0x08000f68       0x48 ./src/rgi.o
                0x08000f68                RGI_set_LED
 .text.valve_1  0x08000fb0       0x1c ./src/rgi.o
                0x08000fb0                valve_1
 .text.valve_2  0x08000fcc       0x1c ./src/rgi.o
                0x08000fcc                valve_2
 .text.valve_3  0x08000fe8       0x1c ./src/rgi.o
                0x08000fe8                valve_3
 .text.valve_4  0x08001004        0xc ./src/rgi.o
                0x08001004                valve_4
 .text.buttonUP
                0x08001010        0xc ./src/rgi.o
                0x08001010                buttonUP
 .text.buttonLEFT
                0x0800101c        0xc ./src/rgi.o
                0x0800101c                buttonLEFT
 .text.buttonRIGHT
                0x08001028        0xc ./src/rgi.o
                0x08001028                buttonRIGHT
 .text.buttonEAST
                0x08001034        0xc ./src/rgi.o
                0x08001034                buttonEAST
 .text.buttonWEST
                0x08001040        0xc ./src/rgi.o
                0x08001040                buttonWEST
 .text.button1  0x0800104c        0xc ./src/rgi.o
                0x0800104c                button1
 .text.button2  0x08001058        0xc ./src/rgi.o
                0x08001058                button2
 .text.RGI_Init
                0x08001064      0x108 ./src/rgi.o
                0x08001064                RGI_Init
 .text.RGI_Process
                0x0800116c      0x158 ./src/rgi.o
                0x0800116c                RGI_Process
 .text.NMI_Handler
                0x080012c4        0x4 ./src/stm32f30x_it.o
                0x080012c4                NMI_Handler
 .text.HardFault_Handler
                0x080012c8        0x4 ./src/stm32f30x_it.o
                0x080012c8                HardFault_Handler
 .text.MemManage_Handler
                0x080012cc        0x4 ./src/stm32f30x_it.o
                0x080012cc                MemManage_Handler
 .text.BusFault_Handler
                0x080012d0        0x4 ./src/stm32f30x_it.o
                0x080012d0                BusFault_Handler
 .text.UsageFault_Handler
                0x080012d4        0x4 ./src/stm32f30x_it.o
                0x080012d4                UsageFault_Handler
 .text.SVC_Handler
                0x080012d8        0x4 ./src/stm32f30x_it.o
                0x080012d8                SVC_Handler
 .text.DebugMon_Handler
                0x080012dc        0x4 ./src/stm32f30x_it.o
                0x080012dc                DebugMon_Handler
 .text.PendSV_Handler
                0x080012e0        0x4 ./src/stm32f30x_it.o
                0x080012e0                PendSV_Handler
 .text.SysTick_Handler
                0x080012e4       0x28 ./src/stm32f30x_it.o
                0x080012e4                SysTick_Handler
 .text.TIM3_IRQHandler
                0x0800130c       0x24 ./src/stm32f30x_it.o
                0x0800130c                TIM3_IRQHandler
 .text.USART1_IRQHandler
                0x08001330        0x4 ./src/stm32f30x_it.o
                0x08001330                USART1_IRQHandler
 .text.STM_EVAL_LEDInit
                0x08001334       0x4c ./src/stm32f3_discovery.o
                0x08001334                STM_EVAL_LEDInit
 .text.STM_EVAL_LEDToggle
                0x08001380       0x20 ./src/stm32f3_discovery.o
                0x08001380                STM_EVAL_LEDToggle
 .text.init_SysTick
                0x080013a0       0x1c ./src/timers.o
                0x080013a0                init_SysTick
 .text.init_TIM
                0x080013bc       0x80 ./src/timers.o
                0x080013bc                init_TIM
 .text.__errno  0x0800143c        0xc c:/program files (x86)/gnu tools arm embedded/5.3 2016q1/bin/../lib/gcc/arm-none-eabi/5.3.1/../../../../arm-none-eabi/lib/armv7e-m\libg_nano.a(lib_a-errno.o)
                0x0800143c                __errno
 .text.memcpy   0x08001448       0x16 c:/program files (x86)/gnu tools arm embedded/5.3 2016q1/bin/../lib/gcc/arm-none-eabi/5.3.1/../../../../arm-none-eabi/lib/armv7e-m\libg_nano.a(lib_a-memcpy-stub.o)
                0x08001448                memcpy
 .text          0x0800145e       0x10 c:/program files (x86)/gnu tools arm embedded/5.3 2016q1/bin/../lib/gcc/arm-none-eabi/5.3.1/../../../../arm-none-eabi/lib/armv7e-m\libg_nano.a(lib_a-strlen.o)
                0x0800145e                strlen
 .text._vsnprintf_r
                0x0800146e       0x56 c:/program files (x86)/gnu tools arm embedded/5.3 2016q1/bin/../lib/gcc/arm-none-eabi/5.3.1/../../../../arm-none-eabi/lib/armv7e-m\libg_nano.a(lib_a-vsnprintf.o)
                0x0800146e                _vsniprintf_r
                0x0800146e                _vsnprintf_r
 .text.vsnprintf
                0x080014c4       0x1c c:/program files (x86)/gnu tools arm embedded/5.3 2016q1/bin/../lib/gcc/arm-none-eabi/5.3.1/../../../../arm-none-eabi/lib/armv7e-m\libg_nano.a(lib_a-vsnprintf.o)
                0x080014c4                vsniprintf
                0x080014c4                vsnprintf
 .text.__ssputs_r
                0x080014e0       0xb2 c:/program files (x86)/gnu tools arm embedded/5.3 2016q1/bin/../lib/gcc/arm-none-eabi/5.3.1/../../../../arm-none-eabi/lib/armv7e-m\libg_nano.a(lib_a-nano-svfprintf.o)
                0x080014e0                __ssputs_r
 *fill*         0x08001592        0x2 
 .text._svfprintf_r
                0x08001594      0x1e8 c:/program files (x86)/gnu tools arm embedded/5.3 2016q1/bin/../lib/gcc/arm-none-eabi/5.3.1/../../../../arm-none-eabi/lib/armv7e-m\libg_nano.a(lib_a-nano-svfprintf.o)
                0x08001594                _svfiprintf_r
                0x08001594                _svfprintf_r
 .text._printf_common
                0x0800177c       0xec c:/program files (x86)/gnu tools arm embedded/5.3 2016q1/bin/../lib/gcc/arm-none-eabi/5.3.1/../../../../arm-none-eabi/lib/armv7e-m\libg_nano.a(lib_a-nano-vfprintf_i.o)
                0x0800177c                _printf_common
 .text._printf_i
                0x08001868      0x24c c:/program files (x86)/gnu tools arm embedded/5.3 2016q1/bin/../lib/gcc/arm-none-eabi/5.3.1/../../../../arm-none-eabi/lib/armv7e-m\libg_nano.a(lib_a-nano-vfprintf_i.o)
                0x08001868                _printf_i
 *fill*         0x08001ab4        0xc 
 .text          0x08001ac0       0xa0 c:/program files (x86)/gnu tools arm embedded/5.3 2016q1/bin/../lib/gcc/arm-none-eabi/5.3.1/../../../../arm-none-eabi/lib/armv7e-m\libg_nano.a(lib_a-memchr.o)
                0x08001ac0                memchr
 .text.memmove  0x08001b60       0x36 c:/program files (x86)/gnu tools arm embedded/5.3 2016q1/bin/../lib/gcc/arm-none-eabi/5.3.1/../../../../arm-none-eabi/lib/armv7e-m\libg_nano.a(lib_a-memmove.o)
                0x08001b60                memmove
 *fill*         0x08001b96        0x2 
 .text._free_r  0x08001b98       0x8c c:/program files (x86)/gnu tools arm embedded/5.3 2016q1/bin/../lib/gcc/arm-none-eabi/5.3.1/../../../../arm-none-eabi/lib/armv7e-m\libg_nano.a(lib_a-nano-freer.o)
                0x08001b98                _free_r
 .text._malloc_r
                0x08001c24       0xa8 c:/program files (x86)/gnu tools arm embedded/5.3 2016q1/bin/../lib/gcc/arm-none-eabi/5.3.1/../../../../arm-none-eabi/lib/armv7e-m\libg_nano.a(lib_a-nano-mallocr.o)
                0x08001c24                _malloc_r
 .text._realloc_r
                0x08001ccc       0x4c c:/program files (x86)/gnu tools arm embedded/5.3 2016q1/bin/../lib/gcc/arm-none-eabi/5.3.1/../../../../arm-none-eabi/lib/armv7e-m\libg_nano.a(lib_a-nano-reallocr.o)
                0x08001ccc                _realloc_r
 .text._sbrk_r  0x08001d18       0x20 c:/program files (x86)/gnu tools arm embedded/5.3 2016q1/bin/../lib/gcc/arm-none-eabi/5.3.1/../../../../arm-none-eabi/lib/armv7e-m\libg_nano.a(lib_a-sbrkr.o)
                0x08001d18                _sbrk_r
 .text._malloc_usable_size_r
                0x08001d38       0x14 c:/program files (x86)/gnu tools arm embedded/5.3 2016q1/bin/../lib/gcc/arm-none-eabi/5.3.1/../../../../arm-none-eabi/lib/armv7e-m\libg_nano.a(lib_a-nano-msizer.o)
                0x08001d38                _malloc_usable_size_r
 *(.rodata .rodata.* .constdata .constdata.*)
 .rodata.str1.4
                0x08001d4c       0x31 ./system/src/stm32f3-stdperiph/stm32f30x_gpio.o
 *fill*         0x08001d7d        0x3 
 .rodata.str1.4
                0x08001d80       0x31 ./system/src/stm32f3-stdperiph/stm32f30x_misc.o
 *fill*         0x08001db1        0x3 
 .rodata.str1.4
                0x08001db4       0x30 ./system/src/stm32f3-stdperiph/stm32f30x_rcc.o
 .rodata.str1.4
                0x08001de4       0x30 ./system/src/stm32f3-stdperiph/stm32f30x_tim.o
 .rodata.str1.4
                0x08001e14       0x14 ./system/src/newlib/_exit.o
 .rodata.str1.4
                0x08001e28       0x6b ./system/src/newlib/assert.o
                                 0x6f (size before relaxing)
 *fill*         0x08001e93        0x1 
 .rodata.str1.4
                0x08001e94       0x29 ./system/src/diag/Trace.o
                                 0x2d (size before relaxing)
 *fill*         0x08001ebd        0x3 
 .rodata.str1.4
                0x08001ec0      0x148 ./system/src/cortexm/exception_handlers.o
                                0x146 (size before relaxing)
 .rodata.GPIO_CLK
                0x08002008       0x20 ./src/stm32f3_discovery.o
                0x08002008                GPIO_CLK
 .rodata.GPIO_PIN
                0x08002028       0x10 ./src/stm32f3_discovery.o
                0x08002028                GPIO_PIN
 .rodata.str1.1
                0x08002038        0x2 c:/program files (x86)/gnu tools arm embedded/5.3 2016q1/bin/../lib/gcc/arm-none-eabi/5.3.1/../../../../arm-none-eabi/lib/armv7e-m\libg_nano.a(lib_a-impure.o)
 .rodata.str1.1
                0x0800203a       0x11 c:/program files (x86)/gnu tools arm embedded/5.3 2016q1/bin/../lib/gcc/arm-none-eabi/5.3.1/../../../../arm-none-eabi/lib/armv7e-m\libg_nano.a(lib_a-nano-svfprintf.o)
 .rodata.str1.1
                0x0800204b       0x22 c:/program files (x86)/gnu tools arm embedded/5.3 2016q1/bin/../lib/gcc/arm-none-eabi/5.3.1/../../../../arm-none-eabi/lib/armv7e-m\libg_nano.a(lib_a-nano-vfprintf_i.o)
 *(vtable)
 *(.eh_frame*)
 *(.glue_7)
 .glue_7        0x0800206d        0x0 linker stubs
 *(.glue_7t)
 .glue_7t       0x0800206d        0x0 linker stubs

.vfp11_veneer   0x08002070        0x0
 .vfp11_veneer  0x08002070        0x0 linker stubs

.v4_bx          0x08002070        0x0
 .v4_bx         0x08002070        0x0 linker stubs

.iplt           0x08002070        0x0
 .iplt          0x08002070        0x0 ./system/src/stm32f3-stdperiph/stm32f30x_adc.o

.rel.dyn        0x08002070        0x0
 .rel.iplt      0x08002070        0x0 ./system/src/stm32f3-stdperiph/stm32f30x_adc.o

.ARM.extab
 *(.ARM.extab* .gnu.linkonce.armextab.*)
                0x08002070                . = ALIGN (0x4)
                0x08002070                __exidx_start = .

.ARM.exidx
 *(.ARM.exidx* .gnu.linkonce.armexidx.*)
                0x08002070                __exidx_end = .
                0x08002070                . = ALIGN (0x4)
                0x08002070                _etext = .
                0x08002070                __etext = .

.data_CCMRAM    0x10000000        0x0 load address 0x08002070
 FILL mask 0xff
 *(.data.CCMRAM .data.CCMRAM.*)
                0x10000000                . = ALIGN (0x4)
                0x08002070                _sidata = LOADADDR (.data)

.data           0x20000000       0xa8 load address 0x08002070
 FILL mask 0xff
                0x20000000                _sdata = .
                0x20000000                __data_start__ = .
 *(.data_begin .data_begin.*)
 .data_begin    0x20000000        0x4 ./system/src/newlib/_startup.o
 *(.data .data.*)
 .data.argv.4255
                0x20000004        0x8 ./system/src/newlib/_syscalls.o
 .data.AHBPrescTable
                0x2000000c       0x10 ./system/src/cmsis/system_stm32f30x.o
                0x2000000c                AHBPrescTable
 .data.SystemCoreClock
                0x2000001c        0x4 ./system/src/cmsis/system_stm32f30x.o
                0x2000001c                SystemCoreClock
 .data.GPIO_PORT
                0x20000020       0x20 ./src/stm32f3_discovery.o
                0x20000020                GPIO_PORT
 .data.impure_data
                0x20000040       0x60 c:/program files (x86)/gnu tools arm embedded/5.3 2016q1/bin/../lib/gcc/arm-none-eabi/5.3.1/../../../../arm-none-eabi/lib/armv7e-m\libg_nano.a(lib_a-impure.o)
 .data._impure_ptr
                0x200000a0        0x4 c:/program files (x86)/gnu tools arm embedded/5.3 2016q1/bin/../lib/gcc/arm-none-eabi/5.3.1/../../../../arm-none-eabi/lib/armv7e-m\libg_nano.a(lib_a-impure.o)
                0x200000a0                _impure_ptr
 *(.data_end .data_end.*)
 .data_end      0x200000a4        0x4 ./system/src/newlib/_startup.o
                0x200000a8                . = ALIGN (0x4)
                0x200000a8                _edata = .
                0x200000a8                __data_end__ = .

.igot.plt       0x200000a8        0x0 load address 0x08002118
 .igot.plt      0x200000a8        0x0 ./system/src/stm32f3-stdperiph/stm32f30x_adc.o

.bss_CCMRAM     0x10000000        0x0
 *(.bss.CCMRAM .bss.CCMRAM.*)

.bss            0x200000a8       0xa4
                0x200000a8                __bss_start__ = .
                0x200000a8                _sbss = .
 *(.bss_begin .bss_begin.*)
 .bss_begin     0x200000a8        0x4 ./system/src/newlib/_startup.o
 *(.bss .bss.*)
 .bss.current_heap_end.3946
                0x200000ac        0x4 ./system/src/newlib/_sbrk.o
 .bss.name.4254
                0x200000b0        0x1 ./system/src/newlib/_syscalls.o
 *fill*         0x200000b1        0x3 
 .bss.buf.5140  0x200000b4       0x80 ./system/src/diag/Trace.o
 .bss.time_ms   0x20000134        0x4 ./src/main.o
                0x20000134                time_ms
 .bss.time_us   0x20000138        0x4 ./src/main.o
                0x20000138                time_us
 .bss.__malloc_sbrk_start
                0x2000013c        0x4 c:/program files (x86)/gnu tools arm embedded/5.3 2016q1/bin/../lib/gcc/arm-none-eabi/5.3.1/../../../../arm-none-eabi/lib/armv7e-m\libg_nano.a(lib_a-nano-mallocr.o)
                0x2000013c                __malloc_sbrk_start
 .bss.__malloc_free_list
                0x20000140        0x4 c:/program files (x86)/gnu tools arm embedded/5.3 2016q1/bin/../lib/gcc/arm-none-eabi/5.3.1/../../../../arm-none-eabi/lib/armv7e-m\libg_nano.a(lib_a-nano-mallocr.o)
                0x20000140                __malloc_free_list
 *(COMMON)
 COMMON         0x20000144        0x4 ./system/src/newlib/_syscalls.o
                0x20000144                errno
 *(.bss_end .bss_end.*)
 .bss_end       0x20000148        0x4 ./system/src/newlib/_startup.o
                0x2000014c                . = ALIGN (0x4)
                0x2000014c                __bss_end__ = .
                0x2000014c                _ebss = .

.noinit_CCMRAM
 *(.noinit.CCMRAM .noinit.CCMRAM.*)

.noinit         0x2000014c        0x0
                0x2000014c                _noinit = .
 *(.noinit .noinit.*)
                0x2000014c                . = ALIGN (0x4)
                0x2000014c                _end_noinit = .
                [!provide]                PROVIDE (end, _end_noinit)
                [!provide]                PROVIDE (_end, _end_noinit)
                [!provide]                PROVIDE (__end, _end_noinit)
                [!provide]                PROVIDE (__end__, _end_noinit)

._check_stack   0x2000014c      0x100
                0x2000024c                . = (. + _Minimum_Stack_Size)
 *fill*         0x2000014c      0x100 

.b1text
 *(.b1text)
 *(.b1rodata)
 *(.b1rodata.*)

.eb0text
 *(.eb0text)
 *(.eb0rodata)
 *(.eb0rodata.*)

.eb1text
 *(.eb1text)
 *(.eb1rodata)
 *(.eb1rodata.*)

.eb2text
 *(.eb2text)
 *(.eb2rodata)
 *(.eb2rodata.*)

.eb3text
 *(.eb3text)
 *(.eb3rodata)
 *(.eb3rodata.*)

.stab
 *(.stab)

.stabstr
 *(.stabstr)

.stab.excl
 *(.stab.excl)

.stab.exclstr
 *(.stab.exclstr)

.stab.index
 *(.stab.index)

.stab.indexstr
 *(.stab.indexstr)

.comment        0x00000000       0x6e
 *(.comment)
 .comment       0x00000000       0x6e ./system/src/stm32f3-stdperiph/stm32f30x_gpio.o
                                 0x6f (size before relaxing)
 .comment       0x0000006e       0x6f ./system/src/stm32f3-stdperiph/stm32f30x_misc.o
 .comment       0x0000006e       0x6f ./system/src/stm32f3-stdperiph/stm32f30x_rcc.o
 .comment       0x0000006e       0x6f ./system/src/stm32f3-stdperiph/stm32f30x_tim.o
 .comment       0x0000006e       0x6f ./system/src/newlib/_exit.o
 .comment       0x0000006e       0x6f ./system/src/newlib/_sbrk.o
 .comment       0x0000006e       0x6f ./system/src/newlib/_startup.o
 .comment       0x0000006e       0x6f ./system/src/newlib/_syscalls.o
 .comment       0x0000006e       0x6f ./system/src/newlib/assert.o
 .comment       0x0000006e       0x6f ./system/src/diag/Trace.o
 .comment       0x0000006e       0x6f ./system/src/diag/trace_impl.o
 .comment       0x0000006e       0x6f ./system/src/cortexm/_initialize_hardware.o
 .comment       0x0000006e       0x6f ./system/src/cortexm/exception_handlers.o
 .comment       0x0000006e       0x6f ./system/src/cmsis/system_stm32f30x.o
 .comment       0x0000006e       0x6f ./system/src/cmsis/vectors_stm32f30x.o
 .comment       0x0000006e       0x6f ./src/main.o
 .comment       0x0000006e       0x6f ./src/rgi.o
 .comment       0x0000006e       0x6f ./src/stm32f30x_it.o
 .comment       0x0000006e       0x6f ./src/stm32f3_discovery.o
 .comment       0x0000006e       0x6f ./src/timers.o

.ARM.attributes
                0x00000000       0x31
 .ARM.attributes
                0x00000000       0x33 ./system/src/stm32f3-stdperiph/stm32f30x_gpio.o
 .ARM.attributes
                0x00000033       0x33 ./system/src/stm32f3-stdperiph/stm32f30x_misc.o
 .ARM.attributes
                0x00000066       0x33 ./system/src/stm32f3-stdperiph/stm32f30x_rcc.o
 .ARM.attributes
                0x00000099       0x33 ./system/src/stm32f3-stdperiph/stm32f30x_tim.o
 .ARM.attributes
                0x000000cc       0x33 ./system/src/newlib/_exit.o
 .ARM.attributes
                0x000000ff       0x33 ./system/src/newlib/_sbrk.o
 .ARM.attributes
                0x00000132       0x33 ./system/src/newlib/_startup.o
 .ARM.attributes
                0x00000165       0x33 ./system/src/newlib/_syscalls.o
 .ARM.attributes
                0x00000198       0x33 ./system/src/newlib/assert.o
 .ARM.attributes
                0x000001cb       0x33 ./system/src/diag/Trace.o
 .ARM.attributes
                0x000001fe       0x33 ./system/src/diag/trace_impl.o
 .ARM.attributes
                0x00000231       0x33 ./system/src/cortexm/_initialize_hardware.o
 .ARM.attributes
                0x00000264       0x33 ./system/src/cortexm/exception_handlers.o
 .ARM.attributes
                0x00000297       0x33 ./system/src/cmsis/system_stm32f30x.o
 .ARM.attributes
                0x000002ca       0x33 ./system/src/cmsis/vectors_stm32f30x.o
 .ARM.attributes
                0x000002fd       0x33 ./src/main.o
 .ARM.attributes
                0x00000330       0x33 ./src/rgi.o
 .ARM.attributes
                0x00000363       0x33 ./src/stm32f30x_it.o
 .ARM.attributes
                0x00000396       0x33 ./src/stm32f3_discovery.o
 .ARM.attributes
                0x000003c9       0x33 ./src/timers.o
 .ARM.attributes
                0x000003fc       0x2e c:/program files (x86)/gnu tools arm embedded/5.3 2016q1/bin/../lib/gcc/arm-none-eabi/5.3.1/../../../../arm-none-eabi/lib/armv7e-m\libg_nano.a(lib_a-errno.o)
 .ARM.attributes
                0x0000042a       0x2e c:/program files (x86)/gnu tools arm embedded/5.3 2016q1/bin/../lib/gcc/arm-none-eabi/5.3.1/../../../../arm-none-eabi/lib/armv7e-m\libg_nano.a(lib_a-impure.o)
 .ARM.attributes
                0x00000458       0x2e c:/program files (x86)/gnu tools arm embedded/5.3 2016q1/bin/../lib/gcc/arm-none-eabi/5.3.1/../../../../arm-none-eabi/lib/armv7e-m\libg_nano.a(lib_a-memcpy-stub.o)
 .ARM.attributes
                0x00000486       0x17 c:/program files (x86)/gnu tools arm embedded/5.3 2016q1/bin/../lib/gcc/arm-none-eabi/5.3.1/../../../../arm-none-eabi/lib/armv7e-m\libg_nano.a(lib_a-strlen.o)
 .ARM.attributes
                0x0000049d       0x2e c:/program files (x86)/gnu tools arm embedded/5.3 2016q1/bin/../lib/gcc/arm-none-eabi/5.3.1/../../../../arm-none-eabi/lib/armv7e-m\libg_nano.a(lib_a-vsnprintf.o)
 .ARM.attributes
                0x000004cb       0x2e c:/program files (x86)/gnu tools arm embedded/5.3 2016q1/bin/../lib/gcc/arm-none-eabi/5.3.1/../../../../arm-none-eabi/lib/armv7e-m\libg_nano.a(lib_a-nano-svfprintf.o)
 .ARM.attributes
                0x000004f9       0x2e c:/program files (x86)/gnu tools arm embedded/5.3 2016q1/bin/../lib/gcc/arm-none-eabi/5.3.1/../../../../arm-none-eabi/lib/armv7e-m\libg_nano.a(lib_a-nano-vfprintf_i.o)
 .ARM.attributes
                0x00000527       0x1c c:/program files (x86)/gnu tools arm embedded/5.3 2016q1/bin/../lib/gcc/arm-none-eabi/5.3.1/../../../../arm-none-eabi/lib/armv7e-m\libg_nano.a(lib_a-memchr.o)
 .ARM.attributes
                0x00000543       0x2e c:/program files (x86)/gnu tools arm embedded/5.3 2016q1/bin/../lib/gcc/arm-none-eabi/5.3.1/../../../../arm-none-eabi/lib/armv7e-m\libg_nano.a(lib_a-memmove.o)
 .ARM.attributes
                0x00000571       0x2e c:/program files (x86)/gnu tools arm embedded/5.3 2016q1/bin/../lib/gcc/arm-none-eabi/5.3.1/../../../../arm-none-eabi/lib/armv7e-m\libg_nano.a(lib_a-nano-freer.o)
 .ARM.attributes
                0x0000059f       0x2e c:/program files (x86)/gnu tools arm embedded/5.3 2016q1/bin/../lib/gcc/arm-none-eabi/5.3.1/../../../../arm-none-eabi/lib/armv7e-m\libg_nano.a(lib_a-nano-mallocr.o)
 .ARM.attributes
                0x000005cd       0x2e c:/program files (x86)/gnu tools arm embedded/5.3 2016q1/bin/../lib/gcc/arm-none-eabi/5.3.1/../../../../arm-none-eabi/lib/armv7e-m\libg_nano.a(lib_a-nano-reallocr.o)
 .ARM.attributes
                0x000005fb       0x2e c:/program files (x86)/gnu tools arm embedded/5.3 2016q1/bin/../lib/gcc/arm-none-eabi/5.3.1/../../../../arm-none-eabi/lib/armv7e-m\libg_nano.a(lib_a-sbrkr.o)
 .ARM.attributes
                0x00000629       0x2e c:/program files (x86)/gnu tools arm embedded/5.3 2016q1/bin/../lib/gcc/arm-none-eabi/5.3.1/../../../../arm-none-eabi/lib/armv7e-m\libg_nano.a(lib_a-nano-msizer.o)

.debug
 *(.debug)

.line
 *(.line)

.debug_srcinfo
 *(.debug_srcinfo)

.debug_sfnames
 *(.debug_sfnames)

.debug_aranges  0x00000000      0x9c0
 *(.debug_aranges)
 .debug_aranges
                0x00000000       0x80 ./system/src/stm32f3-stdperiph/stm32f30x_gpio.o
 .debug_aranges
                0x00000080       0x40 ./system/src/stm32f3-stdperiph/stm32f30x_misc.o
 .debug_aranges
                0x000000c0      0x150 ./system/src/stm32f3-stdperiph/stm32f30x_rcc.o
 .debug_aranges
                0x00000210      0x3a8 ./system/src/stm32f3-stdperiph/stm32f30x_tim.o
 .debug_aranges
                0x000005b8       0x28 ./system/src/newlib/_exit.o
 .debug_aranges
                0x000005e0       0x20 ./system/src/newlib/_sbrk.o
 .debug_aranges
                0x00000600       0x40 ./system/src/newlib/_startup.o
 .debug_aranges
                0x00000640       0x30 ./system/src/newlib/_syscalls.o
 .debug_aranges
                0x00000670       0x28 ./system/src/newlib/assert.o
 .debug_aranges
                0x00000698       0x38 ./system/src/diag/Trace.o
 .debug_aranges
                0x000006d0       0x30 ./system/src/diag/trace_impl.o
 .debug_aranges
                0x00000700       0x28 ./system/src/cortexm/_initialize_hardware.o
 .debug_aranges
                0x00000728       0x88 ./system/src/cortexm/exception_handlers.o
 .debug_aranges
                0x000007b0       0x30 ./system/src/cmsis/system_stm32f30x.o
 .debug_aranges
                0x000007e0       0x20 ./system/src/cmsis/vectors_stm32f30x.o
 .debug_aranges
                0x00000800       0x20 ./src/main.o
 .debug_aranges
                0x00000820       0xb0 ./src/rgi.o
 .debug_aranges
                0x000008d0       0x70 ./src/stm32f30x_it.o
 .debug_aranges
                0x00000940       0x48 ./src/stm32f3_discovery.o
 .debug_aranges
                0x00000988       0x38 ./src/timers.o

.debug_pubnames
 *(.debug_pubnames)

.debug_info     0x00000000     0xb22c
 *(.debug_info .gnu.linkonce.wi.*)
 .debug_info    0x00000000      0xa34 ./system/src/stm32f3-stdperiph/stm32f30x_gpio.o
 .debug_info    0x00000a34      0x643 ./system/src/stm32f3-stdperiph/stm32f30x_misc.o
 .debug_info    0x00001077      0xf79 ./system/src/stm32f3-stdperiph/stm32f30x_rcc.o
 .debug_info    0x00001ff0     0x41c1 ./system/src/stm32f3-stdperiph/stm32f30x_tim.o
 .debug_info    0x000061b1       0xef ./system/src/newlib/_exit.o
 .debug_info    0x000062a0      0x11f ./system/src/newlib/_sbrk.o
 .debug_info    0x000063bf      0x4ef ./system/src/newlib/_startup.o
 .debug_info    0x000068ae      0x1bc ./system/src/newlib/_syscalls.o
 .debug_info    0x00006a6a      0x1a3 ./system/src/newlib/assert.o
 .debug_info    0x00006c0d      0x2e6 ./system/src/diag/Trace.o
 .debug_info    0x00006ef3      0x3e2 ./system/src/diag/trace_impl.o
 .debug_info    0x000072d5      0x2b1 ./system/src/cortexm/_initialize_hardware.o
 .debug_info    0x00007586      0x7c2 ./system/src/cortexm/exception_handlers.o
 .debug_info    0x00007d48      0x4a9 ./system/src/cmsis/system_stm32f30x.o
 .debug_info    0x000081f1       0xd1 ./system/src/cmsis/vectors_stm32f30x.o
 .debug_info    0x000082c2      0x31a ./src/main.o
 .debug_info    0x000085dc     0x14d3 ./src/rgi.o
 .debug_info    0x00009aaf      0x3ab ./src/stm32f30x_it.o
 .debug_info    0x00009e5a      0x979 ./src/stm32f3_discovery.o
 .debug_info    0x0000a7d3      0xa59 ./src/timers.o

.debug_abbrev   0x00000000     0x1bd8
 *(.debug_abbrev)
 .debug_abbrev  0x00000000      0x1e7 ./system/src/stm32f3-stdperiph/stm32f30x_gpio.o
 .debug_abbrev  0x000001e7      0x181 ./system/src/stm32f3-stdperiph/stm32f30x_misc.o
 .debug_abbrev  0x00000368      0x221 ./system/src/stm32f3-stdperiph/stm32f30x_rcc.o
 .debug_abbrev  0x00000589      0x1c9 ./system/src/stm32f3-stdperiph/stm32f30x_tim.o
 .debug_abbrev  0x00000752       0x8e ./system/src/newlib/_exit.o
 .debug_abbrev  0x000007e0       0xb9 ./system/src/newlib/_sbrk.o
 .debug_abbrev  0x00000899      0x1d4 ./system/src/newlib/_startup.o
 .debug_abbrev  0x00000a6d       0xec ./system/src/newlib/_syscalls.o
 .debug_abbrev  0x00000b59       0xab ./system/src/newlib/assert.o
 .debug_abbrev  0x00000c04      0x145 ./system/src/diag/Trace.o
 .debug_abbrev  0x00000d49      0x188 ./system/src/diag/trace_impl.o
 .debug_abbrev  0x00000ed1       0xea ./system/src/cortexm/_initialize_hardware.o
 .debug_abbrev  0x00000fbb      0x1d4 ./system/src/cortexm/exception_handlers.o
 .debug_abbrev  0x0000118f      0x13f ./system/src/cmsis/system_stm32f30x.o
 .debug_abbrev  0x000012ce       0x9d ./system/src/cmsis/vectors_stm32f30x.o
 .debug_abbrev  0x0000136b      0x109 ./src/main.o
 .debug_abbrev  0x00001474      0x233 ./src/rgi.o
 .debug_abbrev  0x000016a7      0x157 ./src/stm32f30x_it.o
 .debug_abbrev  0x000017fe      0x1d2 ./src/stm32f3_discovery.o
 .debug_abbrev  0x000019d0      0x208 ./src/timers.o

.debug_line     0x00000000     0x7ab6
 *(.debug_line)
 .debug_line    0x00000000      0x741 ./system/src/stm32f3-stdperiph/stm32f30x_gpio.o
 .debug_line    0x00000741      0x425 ./system/src/stm32f3-stdperiph/stm32f30x_misc.o
 .debug_line    0x00000b66      0xa57 ./system/src/stm32f3-stdperiph/stm32f30x_rcc.o
 .debug_line    0x000015bd     0x2454 ./system/src/stm32f3-stdperiph/stm32f30x_tim.o
 .debug_line    0x00003a11      0x323 ./system/src/newlib/_exit.o
 .debug_line    0x00003d34      0x2d5 ./system/src/newlib/_sbrk.o
 .debug_line    0x00004009      0x39d ./system/src/newlib/_startup.o
 .debug_line    0x000043a6      0x3d8 ./system/src/newlib/_syscalls.o
 .debug_line    0x0000477e      0x35e ./system/src/newlib/assert.o
 .debug_line    0x00004adc      0x382 ./system/src/diag/Trace.o
 .debug_line    0x00004e5e      0x5e2 ./system/src/diag/trace_impl.o
 .debug_line    0x00005440      0x37f ./system/src/cortexm/_initialize_hardware.o
 .debug_line    0x000057bf      0x68a ./system/src/cortexm/exception_handlers.o
 .debug_line    0x00005e49      0x3bf ./system/src/cmsis/system_stm32f30x.o
 .debug_line    0x00006208      0x103 ./system/src/cmsis/vectors_stm32f30x.o
 .debug_line    0x0000630b      0x60d ./src/main.o
 .debug_line    0x00006918      0x5ee ./src/rgi.o
 .debug_line    0x00006f06      0x41e ./src/stm32f30x_it.o
 .debug_line    0x00007324      0x3d0 ./src/stm32f3_discovery.o
 .debug_line    0x000076f4      0x3c2 ./src/timers.o

.debug_frame    0x00000000     0x1cc4
 *(.debug_frame)
 .debug_frame   0x00000000      0x164 ./system/src/stm32f3-stdperiph/stm32f30x_gpio.o
 .debug_frame   0x00000164       0x90 ./system/src/stm32f3-stdperiph/stm32f30x_misc.o
 .debug_frame   0x000001f4      0x3cc ./system/src/stm32f3-stdperiph/stm32f30x_rcc.o
 .debug_frame   0x000005c0      0xc6c ./system/src/stm32f3-stdperiph/stm32f30x_tim.o
 .debug_frame   0x0000122c       0x38 ./system/src/newlib/_exit.o
 .debug_frame   0x00001264       0x28 ./system/src/newlib/_sbrk.o
 .debug_frame   0x0000128c       0x7c ./system/src/newlib/_startup.o
 .debug_frame   0x00001308       0x50 ./system/src/newlib/_syscalls.o
 .debug_frame   0x00001358       0x40 ./system/src/newlib/assert.o
 .debug_frame   0x00001398       0x94 ./system/src/diag/Trace.o
 .debug_frame   0x0000142c       0x54 ./system/src/diag/trace_impl.o
 .debug_frame   0x00001480       0x40 ./system/src/cortexm/_initialize_hardware.o
 .debug_frame   0x000014c0      0x144 ./system/src/cortexm/exception_handlers.o
 .debug_frame   0x00001604       0x50 ./system/src/cmsis/system_stm32f30x.o
 .debug_frame   0x00001654       0x20 ./system/src/cmsis/vectors_stm32f30x.o
 .debug_frame   0x00001674       0x28 ./src/main.o
 .debug_frame   0x0000169c      0x1e0 ./src/rgi.o
 .debug_frame   0x0000187c       0xc8 ./src/stm32f30x_it.o
 .debug_frame   0x00001944       0x98 ./src/stm32f3_discovery.o
 .debug_frame   0x000019dc       0x60 ./src/timers.o
 .debug_frame   0x00001a3c       0x20 c:/program files (x86)/gnu tools arm embedded/5.3 2016q1/bin/../lib/gcc/arm-none-eabi/5.3.1/../../../../arm-none-eabi/lib/armv7e-m\libg_nano.a(lib_a-errno.o)
 .debug_frame   0x00001a5c       0x28 c:/program files (x86)/gnu tools arm embedded/5.3 2016q1/bin/../lib/gcc/arm-none-eabi/5.3.1/../../../../arm-none-eabi/lib/armv7e-m\libg_nano.a(lib_a-memcpy-stub.o)
 .debug_frame   0x00001a84       0x48 c:/program files (x86)/gnu tools arm embedded/5.3 2016q1/bin/../lib/gcc/arm-none-eabi/5.3.1/../../../../arm-none-eabi/lib/armv7e-m\libg_nano.a(lib_a-vsnprintf.o)
 .debug_frame   0x00001acc       0x90 c:/program files (x86)/gnu tools arm embedded/5.3 2016q1/bin/../lib/gcc/arm-none-eabi/5.3.1/../../../../arm-none-eabi/lib/armv7e-m\libg_nano.a(lib_a-nano-svfprintf.o)
 .debug_frame   0x00001b5c       0x60 c:/program files (x86)/gnu tools arm embedded/5.3 2016q1/bin/../lib/gcc/arm-none-eabi/5.3.1/../../../../arm-none-eabi/lib/armv7e-m\libg_nano.a(lib_a-nano-vfprintf_i.o)
 .debug_frame   0x00001bbc       0x28 c:/program files (x86)/gnu tools arm embedded/5.3 2016q1/bin/../lib/gcc/arm-none-eabi/5.3.1/../../../../arm-none-eabi/lib/armv7e-m\libg_nano.a(lib_a-memmove.o)
 .debug_frame   0x00001be4       0x2c c:/program files (x86)/gnu tools arm embedded/5.3 2016q1/bin/../lib/gcc/arm-none-eabi/5.3.1/../../../../arm-none-eabi/lib/armv7e-m\libg_nano.a(lib_a-nano-freer.o)
 .debug_frame   0x00001c10       0x2c c:/program files (x86)/gnu tools arm embedded/5.3 2016q1/bin/../lib/gcc/arm-none-eabi/5.3.1/../../../../arm-none-eabi/lib/armv7e-m\libg_nano.a(lib_a-nano-mallocr.o)
 .debug_frame   0x00001c3c       0x3c c:/program files (x86)/gnu tools arm embedded/5.3 2016q1/bin/../lib/gcc/arm-none-eabi/5.3.1/../../../../arm-none-eabi/lib/armv7e-m\libg_nano.a(lib_a-nano-reallocr.o)
 .debug_frame   0x00001c78       0x2c c:/program files (x86)/gnu tools arm embedded/5.3 2016q1/bin/../lib/gcc/arm-none-eabi/5.3.1/../../../../arm-none-eabi/lib/armv7e-m\libg_nano.a(lib_a-sbrkr.o)
 .debug_frame   0x00001ca4       0x20 c:/program files (x86)/gnu tools arm embedded/5.3 2016q1/bin/../lib/gcc/arm-none-eabi/5.3.1/../../../../arm-none-eabi/lib/armv7e-m\libg_nano.a(lib_a-nano-msizer.o)

.debug_str      0x00000000    0x5ca91
 *(.debug_str)
 .debug_str     0x00000000    0x53589 ./system/src/stm32f3-stdperiph/stm32f30x_gpio.o
                              0x53747 (size before relaxing)
 .debug_str     0x00053589      0x259 ./system/src/stm32f3-stdperiph/stm32f30x_misc.o
                              0x53695 (size before relaxing)
 .debug_str     0x000537e2      0xa53 ./system/src/stm32f3-stdperiph/stm32f30x_rcc.o
                              0x53ee5 (size before relaxing)
 .debug_str     0x00054235      0xdeb ./system/src/stm32f3-stdperiph/stm32f30x_tim.o
                              0x54306 (size before relaxing)
 .debug_str     0x00055020     0x4485 ./system/src/newlib/_exit.o
                               0x6b08 (size before relaxing)
 .debug_str     0x000594a5      0x4de ./system/src/newlib/_sbrk.o
                               0x5ef3 (size before relaxing)
 .debug_str     0x00059983      0x2d7 ./system/src/newlib/_startup.o
                               0x5af4 (size before relaxing)
 .debug_str     0x00059c5a      0xe06 ./system/src/newlib/_syscalls.o
                               0x6d3b (size before relaxing)
 .debug_str     0x0005aa60       0xdf ./system/src/newlib/assert.o
                               0x7611 (size before relaxing)
 .debug_str     0x0005ab3f      0x876 ./system/src/diag/Trace.o
                               0x72db (size before relaxing)
 .debug_str     0x0005b3b5       0xdb ./system/src/diag/trace_impl.o
                              0x56d32 (size before relaxing)
 .debug_str     0x0005b490       0x5e ./system/src/cortexm/_initialize_hardware.o
                              0x534f3 (size before relaxing)
 .debug_str     0x0005b4ee      0x1e5 ./system/src/cortexm/exception_handlers.o
                              0x57ac3 (size before relaxing)
 .debug_str     0x0005b6d3       0x7b ./system/src/cmsis/system_stm32f30x.o
                              0x53594 (size before relaxing)
 .debug_str     0x0005b74e       0x57 ./system/src/cmsis/vectors_stm32f30x.o
                               0x306d (size before relaxing)
 .debug_str     0x0005b7a5      0xaa3 ./src/main.o
                              0x589ae (size before relaxing)
 .debug_str     0x0005c248       0xf5 ./src/rgi.o
                              0x53bd3 (size before relaxing)
 .debug_str     0x0005c33d       0x86 ./src/stm32f30x_it.o
                              0x53948 (size before relaxing)
 .debug_str     0x0005c3c3      0x68e ./src/stm32f3_discovery.o
                              0x540ed (size before relaxing)
 .debug_str     0x0005ca51       0x40 ./src/timers.o
                              0x53f90 (size before relaxing)

.debug_loc      0x00000000     0x5716
 *(.debug_loc)
 .debug_loc     0x00000000      0x4d7 ./system/src/stm32f3-stdperiph/stm32f30x_gpio.o
 .debug_loc     0x000004d7      0x1b5 ./system/src/stm32f3-stdperiph/stm32f30x_misc.o
 .debug_loc     0x0000068c      0xc50 ./system/src/stm32f3-stdperiph/stm32f30x_rcc.o
 .debug_loc     0x000012dc     0x3187 ./system/src/stm32f3-stdperiph/stm32f30x_tim.o
 .debug_loc     0x00004463       0x82 ./system/src/newlib/_sbrk.o
 .debug_loc     0x000044e5      0x36e ./system/src/newlib/_startup.o
 .debug_loc     0x00004853       0x63 ./system/src/newlib/_syscalls.o
 .debug_loc     0x000048b6      0x110 ./system/src/newlib/assert.o
 .debug_loc     0x000049c6      0x102 ./system/src/diag/Trace.o
 .debug_loc     0x00004ac8       0x97 ./system/src/diag/trace_impl.o
 .debug_loc     0x00004b5f      0x184 ./system/src/cortexm/exception_handlers.o
 .debug_loc     0x00004ce3       0xff ./system/src/cmsis/system_stm32f30x.o
 .debug_loc     0x00004de2       0x42 ./src/main.o
 .debug_loc     0x00004e24      0x824 ./src/rgi.o
 .debug_loc     0x00005648       0x84 ./src/stm32f3_discovery.o
 .debug_loc     0x000056cc       0x4a ./src/timers.o

.debug_macinfo
 *(.debug_macinfo)

.debug_weaknames
 *(.debug_weaknames)

.debug_funcnames
 *(.debug_funcnames)

.debug_typenames
 *(.debug_typenames)

.debug_varnames
 *(.debug_varnames)
OUTPUT(STM32F3xx.elf elf32-littlearm)

.debug_ranges   0x00000000      0x880
 .debug_ranges  0x00000000       0x70 ./system/src/stm32f3-stdperiph/stm32f30x_gpio.o
 .debug_ranges  0x00000070       0x30 ./system/src/stm32f3-stdperiph/stm32f30x_misc.o
 .debug_ranges  0x000000a0      0x140 ./system/src/stm32f3-stdperiph/stm32f30x_rcc.o
 .debug_ranges  0x000001e0      0x398 ./system/src/stm32f3-stdperiph/stm32f30x_tim.o
 .debug_ranges  0x00000578       0x18 ./system/src/newlib/_exit.o
 .debug_ranges  0x00000590       0x10 ./system/src/newlib/_sbrk.o
 .debug_ranges  0x000005a0       0x30 ./system/src/newlib/_startup.o
 .debug_ranges  0x000005d0       0x20 ./system/src/newlib/_syscalls.o
 .debug_ranges  0x000005f0       0x18 ./system/src/newlib/assert.o
 .debug_ranges  0x00000608       0x28 ./system/src/diag/Trace.o
 .debug_ranges  0x00000630       0x20 ./system/src/diag/trace_impl.o
 .debug_ranges  0x00000650       0x18 ./system/src/cortexm/_initialize_hardware.o
 .debug_ranges  0x00000668       0x78 ./system/src/cortexm/exception_handlers.o
 .debug_ranges  0x000006e0       0x20 ./system/src/cmsis/system_stm32f30x.o
 .debug_ranges  0x00000700       0x10 ./system/src/cmsis/vectors_stm32f30x.o
 .debug_ranges  0x00000710       0x10 ./src/main.o
 .debug_ranges  0x00000720       0xa0 ./src/rgi.o
 .debug_ranges  0x000007c0       0x60 ./src/stm32f30x_it.o
 .debug_ranges  0x00000820       0x38 ./src/stm32f3_discovery.o
 .debug_ranges  0x00000858       0x28 ./src/timers.o

.debug_macro    0x00000000     0x6085
 .debug_macro   0x00000000      0x16c ./system/src/stm32f3-stdperiph/stm32f30x_gpio.o
 .debug_macro   0x0000016c      0x1b0 ./system/src/stm32f3-stdperiph/stm32f30x_gpio.o
 .debug_macro   0x0000031c      0x172 ./system/src/stm32f3-stdperiph/stm32f30x_misc.o
 .debug_macro   0x0000048e       0x83 ./system/src/stm32f3-stdperiph/stm32f30x_misc.o
 .debug_macro   0x00000511      0x209 ./system/src/stm32f3-stdperiph/stm32f30x_rcc.o
 .debug_macro   0x0000071a      0x5c0 ./system/src/stm32f3-stdperiph/stm32f30x_rcc.o
 .debug_macro   0x00000cda      0x196 ./system/src/stm32f3-stdperiph/stm32f30x_tim.o
 .debug_macro   0x00000e70      0x8d2 ./system/src/stm32f3-stdperiph/stm32f30x_tim.o
 .debug_macro   0x00001742      0x182 ./system/src/newlib/_exit.o
 .debug_macro   0x000018c4       0x9c ./system/src/newlib/_exit.o
 .debug_macro   0x00001960      0x10e ./system/src/newlib/_exit.o
 .debug_macro   0x00001a6e       0x8d ./system/src/newlib/_exit.o
 .debug_macro   0x00001afb       0x43 ./system/src/newlib/_exit.o
 .debug_macro   0x00001b3e      0x30d ./system/src/newlib/_exit.o
 .debug_macro   0x00001e4b       0x35 ./system/src/newlib/_exit.o
 .debug_macro   0x00001e80      0x137 ./system/src/newlib/_sbrk.o
 .debug_macro   0x00001fb7      0x174 ./system/src/newlib/_sbrk.o
 .debug_macro   0x0000212b       0x10 ./system/src/newlib/_sbrk.o
 .debug_macro   0x0000213b      0x23b ./system/src/newlib/_sbrk.o
 .debug_macro   0x00002376      0x141 ./system/src/newlib/_startup.o
 .debug_macro   0x000024b7      0x89e ./system/src/newlib/_startup.o
 .debug_macro   0x00002d55      0x1d6 ./system/src/newlib/_syscalls.o
 .debug_macro   0x00002f2b       0x1c ./system/src/newlib/_syscalls.o
 .debug_macro   0x00002f47       0x10 ./system/src/newlib/_syscalls.o
 .debug_macro   0x00002f57       0x10 ./system/src/newlib/_syscalls.o
 .debug_macro   0x00002f67       0x10 ./system/src/newlib/_syscalls.o
 .debug_macro   0x00002f77       0x35 ./system/src/newlib/_syscalls.o
 .debug_macro   0x00002fac      0x122 ./system/src/newlib/_syscalls.o
 .debug_macro   0x000030ce       0x88 ./system/src/newlib/_syscalls.o
 .debug_macro   0x00003156       0x2b ./system/src/newlib/_syscalls.o
 .debug_macro   0x00003181      0x118 ./system/src/newlib/_syscalls.o
 .debug_macro   0x00003299      0x159 ./system/src/newlib/_syscalls.o
 .debug_macro   0x000033f2       0x16 ./system/src/newlib/_syscalls.o
 .debug_macro   0x00003408      0x19e ./system/src/newlib/assert.o
 .debug_macro   0x000035a6       0x1c ./system/src/newlib/assert.o
 .debug_macro   0x000035c2      0x1af ./system/src/diag/Trace.o
 .debug_macro   0x00003771       0x16 ./system/src/diag/Trace.o
 .debug_macro   0x00003787       0x97 ./system/src/diag/Trace.o
 .debug_macro   0x0000381e       0xfd ./system/src/diag/Trace.o
 .debug_macro   0x0000391b       0x10 ./system/src/diag/Trace.o
 .debug_macro   0x0000392b       0x16 ./system/src/diag/Trace.o
 .debug_macro   0x00003941      0x182 ./system/src/diag/Trace.o
 .debug_macro   0x00003ac3       0x52 ./system/src/diag/Trace.o
 .debug_macro   0x00003b15       0x16 ./system/src/diag/Trace.o
 .debug_macro   0x00003b2b      0x29e ./system/src/diag/trace_impl.o
 .debug_macro   0x00003dc9       0x10 ./system/src/diag/trace_impl.o
 .debug_macro   0x00003dd9       0xcf ./system/src/diag/trace_impl.o
 .debug_macro   0x00003ea8       0x19 ./system/src/diag/trace_impl.o
 .debug_macro   0x00003ec1       0xbe ./system/src/diag/trace_impl.o
 .debug_macro   0x00003f7f      0x16c ./system/src/cortexm/_initialize_hardware.o
 .debug_macro   0x000040eb      0x2df ./system/src/cortexm/exception_handlers.o
 .debug_macro   0x000043ca       0x3b ./system/src/cortexm/exception_handlers.o
 .debug_macro   0x00004405       0x22 ./system/src/cortexm/exception_handlers.o
 .debug_macro   0x00004427       0x10 ./system/src/cortexm/exception_handlers.o
 .debug_macro   0x00004437      0x168 ./system/src/cmsis/system_stm32f30x.o
 .debug_macro   0x0000459f       0x34 ./system/src/cmsis/vectors_stm32f30x.o
 .debug_macro   0x000045d3      0x32f ./src/main.o
 .debug_macro   0x00004902       0x97 ./src/main.o
 .debug_macro   0x00004999      0x104 ./src/main.o
 .debug_macro   0x00004a9d      0xe66 ./src/main.o
 .debug_macro   0x00005903       0xd8 ./src/main.o
 .debug_macro   0x000059db      0x179 ./src/rgi.o
 .debug_macro   0x00005b54      0x17f ./src/stm32f30x_it.o
 .debug_macro   0x00005cd3      0x171 ./src/stm32f3_discovery.o
 .debug_macro   0x00005e44       0xd2 ./src/stm32f3_discovery.o
 .debug_macro   0x00005f16      0x16f ./src/timers.o
